
> portfolio-website@0.1.0 build
> next build --webpack

▲ Next.js 16.3.0 (webpack)
✓ Running next.config.ts took 1856ms
- Experiments (use with caution):
  ⨯ serverSourceMaps
  · staticGenerationMaxConcurrency: 1
  · staticGenerationMinPagesPerWorker: 1
  ✓ webpackMemoryOptimizations

  Creating an optimized production build ...
✓ Compiled successfully in 55s
  Running TypeScript ...
  Finished TypeScript in 26.3s ...
  Collecting page data using 6 workers ...
  Generating static pages using 6 workers (0/4) ...
  Generating static pages using 6 workers (1/4) 
  Generating static pages using 6 workers (2/4) 
  Generating static pages using 6 workers (3/4) 
✓ Generating static pages using 6 workers (4/4) in 2.0s
  Finalizing page optimization ...
  Collecting build traces ...

Route (app)
┌ ○ /
├ ○ /_not-found
└ ƒ /api/github-repos


○  (Static)   prerendered as static content
ƒ  (Dynamic)  server-rendered on demand

